E:\GitRepo\quickstart\quickstart-parent\quickstart-ums\src\main\java\com\raise\ums\security\UserDetailsServiceImpl.java
E:\GitRepo\quickstart\quickstart-parent\quickstart-ums\src\main\java\com\raise\ums\controller\SigninController.java
E:\GitRepo\quickstart\quickstart-parent\quickstart-ums\src\main\java\com\raise\ums\query\UserProperty.java
E:\GitRepo\quickstart\quickstart-parent\quickstart-ums\src\main\java\com\raise\ums\query\UserQuery.java
E:\GitRepo\quickstart\quickstart-parent\quickstart-ums\src\main\java\com\raise\ums\manager\UserManager.java
E:\GitRepo\quickstart\quickstart-parent\quickstart-ums\src\main\java\com\raise\ums\controller\UserController.java
E:\GitRepo\quickstart\quickstart-parent\quickstart-ums\src\main\java\com\raise\ums\entity\UserEntity.java
E:\GitRepo\quickstart\quickstart-parent\quickstart-ums\src\main\java\com\raise\ums\form\SignupForm.java
E:\GitRepo\quickstart\quickstart-parent\quickstart-ums\src\main\java\com\raise\ums\dao\UserDao.java
E:\GitRepo\quickstart\quickstart-parent\quickstart-ums\src\main\java\com\raise\ums\controller\SignupController.java
E:\GitRepo\quickstart\quickstart-parent\quickstart-ums\src\main\java\com\raise\ums\manager\GenericeManager.java
E:\GitRepo\quickstart\quickstart-parent\quickstart-ums\src\main\java\com\raise\ums\controller\HomeController.java
